// Jest Snapshot v1, https://goo.gl/fbAQLP

exports[`should render App signed in 1`] = `
<BrowserRouter>
  <Switch>
    <Route
      component={
        Object {
          "$$typeof": Symbol(react.memo),
          "WrappedComponent": [Function],
          "compare": null,
          "displayName": "Connect(Home)",
          "type": [Function],
        }
      }
      exact={true}
      path="/"
    />
    <Route
      component={
        Object {
          "$$typeof": Symbol(react.memo),
          "WrappedComponent": [Function],
          "compare": null,
          "displayName": "Connect(Contacts)",
          "type": [Function],
        }
      }
      path="/contacts/:page?/:column?/:direction?"
    />
    <Route
      component={
        Object {
          "$$typeof": Symbol(react.memo),
          "WrappedComponent": [Function],
          "compare": null,
          "displayName": "Connect(Page404)",
          "type": [Function],
        }
      }
    />
  </Switch>
</BrowserRouter>
`;

exports[`should render App signed out 1`] = `<Login />`;
