// Jest Snapshot v1, https://goo.gl/fbAQLP

exports[`should render Home 1`] = `
<Layout>
  <Segment>
    <Header
      as="h2"
    >
      <Icon
        as="i"
        name="home"
      />
      <HeaderContent>
        Home
      </HeaderContent>
    </Header>
    <p>
      Signed in as ExampleUsername
    </p>
  </Segment>
</Layout>
`;
