// Jest Snapshot v1, https://goo.gl/fbAQLP

exports[`renders Layout 1`] = `
<Container>
  <Connect(Navbar) />
  <Grid
    centered={true}
  >
    <GridRow>
      <GridColumn>
        <Container>
          <ExamplePage />
        </Container>
      </GridColumn>
    </GridRow>
  </Grid>
</Container>
`;
