// Jest Snapshot v1, https://goo.gl/fbAQLP

exports[`renders Navbar without crashing 1`] = `
<div
  className="ui huge top fixed menu"
>
  <div
    className="ui container"
  >
    <a
      className="item"
      onClick={[Function]}
    >
      Home
    </a>
    <div
      className="right menu"
    >
      <a
        className="item"
        onClick={[Function]}
      >
        Logout
      </a>
    </div>
  </div>
</div>
`;
