// Jest Snapshot v1, https://goo.gl/fbAQLP

exports[`renders Navbar without crashing 1`] = `
<Menu
  fixed="top"
  size="huge"
>
  <Container>
    <MenuItem
      as={[Function]}
      name="home"
      to="/"
    />
    <MenuItem
      as={[Function]}
      name="contacts"
      to="/contacts"
    />
    <MenuMenu
      position="right"
    >
      <MenuItem
        name="logout"
        onClick={[Function]}
      />
    </MenuMenu>
  </Container>
</Menu>
`;
