// Jest Snapshot v1, https://goo.gl/fbAQLP

exports[`renders Navbar without crashing 1`] = `
<Menu
  fixed="top"
  size="huge"
>
  <Container>
    <MenuItem
      as={
        Object {
          "$$typeof": Symbol(react.forward_ref),
          "displayName": "Link",
          "propTypes": Object {
            "innerRef": [Function],
            "onClick": [Function],
            "replace": [Function],
            "target": [Function],
            "to": [Function],
          },
          "render": [Function],
        }
      }
      icon="home"
      name="home"
      to="/"
    />
    <MenuItem
      as={
        Object {
          "$$typeof": Symbol(react.forward_ref),
          "displayName": "Link",
          "propTypes": Object {
            "innerRef": [Function],
            "onClick": [Function],
            "replace": [Function],
            "target": [Function],
            "to": [Function],
          },
          "render": [Function],
        }
      }
      icon="users"
      name="contacts"
      to="/contacts"
    />
    <MenuMenu
      position="right"
    >
      <MenuItem
        icon="sign-out"
        name="logout"
        onClick={[Function]}
      />
    </MenuMenu>
  </Container>
</Menu>
`;
