// Jest Snapshot v1, https://goo.gl/fbAQLP

exports[`renders Login without crashing 1`] = `
<Grid
  centered={true}
  className="wrapper"
  columns={3}
  style={
    Object {
      "minHeight": "100vh",
    }
  }
  verticalAlign="middle"
>
  <GridRow>
    <GridColumn>
      <Header
        as="h1"
      >
        <strong>
          Lead
        </strong>
        score
      </Header>
      <Connect(LoginForm) />
    </GridColumn>
  </GridRow>
</Grid>
`;
