// Jest Snapshot v1, https://goo.gl/fbAQLP

exports[`should render Home 1`] = `
<Layout
  onSignOut={[Function]}
>
  <Segment
    className="wrapper"
  >
    <HeaderComponent
      icon="home"
      subtitle={null}
      title="Home"
    />
    <p>
      Hello 
      <strong>
        ExampleUsername
      </strong>
    </p>
  </Segment>
</Layout>
`;
